---
source: budget-app/src/ui.rs
assertion_line: 987
expression: "buffer_to_string(draw_route(&route, Some(&config), 80, 24))"
---
┌Navigation────────────────────────────────────────────────────────────────────┐
│Repo: /tmp/budget                                                             │
│Enter open | n new | m rename | d delete | q quit                             │
└──────────────────────────────────────────────────────────────────────────────┘
┌──────────────────────────────────────────────────────────────────────────────┐
│Month              State      Diff           Updated                          │
│August 2026        draft             £801.00 2026-03-31 | 14:30               │
│                                                                              │
│                                                                              │
│                                                                              │
│                                                                              │
│                                                                              │
└──────────────────────────────────────────────────────────────────────────────┘
┌Summary───────────────────────────────────────────────────────────────────────┐
│Accounts £2591.00 | Timing Adjustments £0.00                                  │
│Next Month Earmarks £275.00 | Savings Pots £1515.00                           │
│Total allocated £1790.00 | Overall difference £801.00 | Status invalid        │
│                                                                              │
│                                                                              │
│                                                                              │
│                                                                              │
│                                                                              │
│                                                                              │
└──────────────────────────────────────────────────────────────────────────────┘
