---
source: budget-app/src/ui.rs
expression: "buffer_to_string(draw_route(&route, Some(&config), 80, 24))"
---
┌Guided Creation───────────────────────────────────────────────────────────────┐
│May 2026  |  Step 13/14                                                       │
│Type amount | Enter save | Esc months | q quit                                │
└──────────────────────────────────────────────────────────────────────────────┘
┌Current Step──────────────────────────────────────────────────────────────────┐
│Subscriptions                                                                 │
│                                                                              │
│Amount                                                                        │
│£130.00                                                                       │
│                                                                              │
│Enter saves this step.                                                        │
│                                                                              │
│Next: General spending                                                        │
│                                                                              │
└──────────────────────────────────────────────────────────────────────────────┘
┌Preview───────────────────────────────────────────────────────────────────────┐
│Accounts £0.00  |  Pots £240.00                                               │
│Earmarks £505.00  |  Diff -£745.00                                            │
│Status invalid                                                                │
│                                                                              │
└──────────────────────────────────────────────────────────────────────────────┘
┌Status────────────────────────────────────────────────────────────────────────┐
│Persistence: clean  |  Sync: synced                                           │
└──────────────────────────────────────────────────────────────────────────────┘
