---
source: budget-app/src/ui.rs
expression: "buffer_to_string(draw_route(&route, Some(&config), 80, 24))"
---
┌Monthly Sheet─────────────────────────────────────────────────────────────────┐
│April 2026                                                                    │
│Enter edit | Tab next | Esc months | q quit                                   │
└──────────────────────────────────────────────────────────────────────────────┘
┌Sections──────────────────────────────────────────────────────────────────────┐
│Accounts | Timing | Earmarks | Pots                                           │
└──────────────────────────────────────────────────────────────────────────────┘
┌─────────────────────────────────────────────────────────────Subtotal £1285.00┐
│Pot                                     Carried      Change       Final       │
│› Fun expensive stuff                        £820.00      -£25.00      £795.00│
│  Long-term savings                          £155.00       £60.00      £215.00│
│  Label                                       £25.00      £250.00      £275.00│
│Total                                       £1000.00      £285.00     £1285.00│
│                                                                              │
│                                                                              │
│                                                                              │
│                                                                              │
│                                                                              │
│                                                                              │
└──────────────────────────────────────────────────────────────────────────────┘
┌Validation────────────────────────────────────────────────────────────────────┐
│Overall difference: £782.00                                                   │
│Status: invalid  |  Persistence: clean  |  Sync: synced                       │
└──────────────────────────────────────────────────────────────────────────────┘
