---
source: budget-app/src/ui.rs
assertion_line: 980
expression: "buffer_to_string(draw_route(&route, Some(&config), 120, 40))"
---
┌Navigation────────────────────────────────────────────────────────────────────────────────────────────────────────────┐
│Repo: /tmp/budget                                                                                                     │
│Enter open | n new | m rename | d delete | r refresh | q quit                                                         │
└──────────────────────────────────────────────────────────────────────────────────────────────────────────────────────┘
┌──────────────────────────────────────────────┐┌Summary───────────────────────────────────────────────────────────────┐
│Month      State      Diff         Updated    ││Accounts £2591.00 | Timing Adjustments £0.00                          │
│August 202 draft           £801.00 2026-03-31 ││Next Month Earmarks £275.00 | Savings Pots £1515.00                   │
│                                              ││Total allocated £1790.00 | Overall difference £801.00                 │
│                                              ││Status invalid                                                        │
│                                              ││                                                                      │
│                                              ││                                                                      │
│                                              ││                                                                      │
│                                              ││                                                                      │
│                                              ││                                                                      │
│                                              ││                                                                      │
│                                              ││                                                                      │
│                                              ││                                                                      │
│                                              ││                                                                      │
│                                              ││                                                                      │
│                                              ││                                                                      │
│                                              ││                                                                      │
│                                              ││                                                                      │
│                                              ││                                                                      │
│                                              ││                                                                      │
│                                              ││                                                                      │
│                                              ││                                                                      │
│                                              ││                                                                      │
│                                              ││                                                                      │
│                                              ││                                                                      │
│                                              ││                                                                      │
│                                              ││                                                                      │
│                                              ││                                                                      │
│                                              ││                                                                      │
│                                              ││                                                                      │
│                                              ││                                                                      │
│                                              ││                                                                      │
│                                              ││                                                                      │
│                                              ││                                                                      │
│                                              ││                                                                      │
└──────────────────────────────────────────────┘└──────────────────────────────────────────────────────────────────────┘
