---
source: budget-app/src/ui/tests.rs
expression: "buffer_to_string(draw_route(route, Some(config), width, height))"
---
┌Monthly Sheet─────────────────────────────────────────────────────────────────┐
│April 2026                                                                    │
│Enter edit | Tab next | Esc months | q quit                                   │
└──────────────────────────────────────────────────────────────────────────────┘
┌Sections──────────────────────────────────────────────────────────────────────┐
│Accounts | Timing | Earmarks | Pots                                           │
└──────────────────────────────────────────────────────────────────────────────┘
┌─────────────────────────────────────────────────────────────Subtotal £1130.00┐
│Pot                                     Carried      Change       Final       │
│› Travel fund                                £800.00      -£50.00      £750.00│
│  Home upkeep                                £200.00       £50.00      £250.00│
│  Emergency buffer                           £100.00       £30.00      £130.00│
│Total                                       £1100.00       £30.00     £1130.00│
│                                                                              │
│                                                                              │
│                                                                              │
│                                                                              │
│                                                                              │
│                                                                              │
└──────────────────────────────────────────────────────────────────────────────┘
┌Validation────────────────────────────────────────────────────────────────────┐
│Budget: outside tolerance  |  Difference: £1010.00                            │
│Persistence: clean  |  Sync: synced                                           │
└──────────────────────────────────────────────────────────────────────────────┘
