---
source: budget-app/src/ui/tests.rs
expression: "buffer_to_string(draw_route(route, Some(config), width, height))"
---
┌Guided Creation─────────────────────────────────────────────────────────────────────────────────────────────────────────────────────────────────────────────────────────────────────────────────────────────────┐
│May 2026  |  Step 13/14                                                                                                                                                                                         │
│Type amount | Backspace delete | Enter save step | Esc months | q quit                                                                                                                                          │
└────────────────────────────────────────────────────────────────────────────────────────────────────────────────────────────────────────────────────────────────────────────────────────────────────────────────┘
Current Step────────────────────────────────────────────────────────────────  Live Preview────────────────────────────────────────────────────────────────────────────────────────────────────────────────────────
Subscriptions                                                                 Accounts £0.00 | Timing Adjustments £0.00 | Next Month Earmarks £440.00 | Savings Pots £180.00 | Total allocated £620.00
                                                                              Overall difference -£620.00 | Status invalid
Type digits or decimals, then press Enter to autosave.

Input: £120.00

Next steps:
• General spending































Status────────────────────────────────────────────────────────────────────────────────────────────────────────────────────────────────────────────────────────────────────────────────────────────────────────────
Validation: outside tolerance  |  Difference: -£620.00
Persistence: clean  |  Sync: synced
