---
source: budget-app/src/ui/tests.rs
expression: "buffer_to_string(draw_route(&route, Some(&config), 120, 40))"
---
┌Navigation────────────────────────────────────────────────────────────────────────────────────────────────────────────┐
│Repo: /tmp/budget                                                                                                     │
│Enter open | n new | m rename | d delete | r refresh | q quit                                                         │
└──────────────────────────────────────────────────────────────────────────────────────────────────────────────────────┘
┌──────────────────────────────────────────────┐┌Summary───────────────────────────────────────────────────────────────┐
│           State      Diff         Updated    ││Accounts £2600.00 | Timing Adjustments £0.00                          │
│August 202 draft          £1340.00 2026-03-31 ││Next Month Earmarks £210.00 | Savings Pots £1050.00                   │
│                                              ││Total allocated £1260.00 | Overall difference £1340.00                │
│                                              ││Status invalid                                                        │
│                                              ││                                                                      │
│                                              ││                                                                      │
│                                              ││                                                                      │
│                                              ││                                                                      │
│                                              ││                                                                      │
│                                              ││                                                                      │
│                                              ││                                                                      │
│                                              ││                                                                      │
│                                              ││                                                                      │
│                                              ││                                                                      │
│                                              ││                                                                      │
│                                              ││                                                                      │
│                                              ││                                                                      │
│                                              ││                                                                      │
│                                              ││                                                                      │
│                                              ││                                                                      │
│                                              ││                                                                      │
│                                              ││                                                                      │
│                                              ││                                                                      │
│                                              ││                                                                      │
│                                              ││                                                                      │
│                                              ││                                                                      │
│                                              ││                                                                      │
│                                              ││                                                                      │
│                                              ││                                                                      │
│                                              ││                                                                      │
│                                              ││                                                                      │
│                                              ││                                                                      │
│                                              ││                                                                      │
│                                              ││                                                                      │
└──────────────────────────────────────────────┘└──────────────────────────────────────────────────────────────────────┘
