---
source: budget-app/src/ui.rs
assertion_line: 1897
expression: "buffer_to_string(draw_route(&route, Some(&config), 120, 40))"
---
┌Monthly Sheet─────────────────────────────────────────────────────────────────────────────────────────────────────────┐
│April 2026                                                                                                            │
│Enter edit | Tab/Shift-Tab move | Esc months | q quit                                                                 │
└──────────────────────────────────────────────────────────────────────────────────────────────────────────────────────┘
┌Accounts─────────────────────────────────────────────────────────────────────────────────────────────Subtotal £2591.00┐
│                                                                                         Entered        Net           │
│  Current                                                                           +          £2500.00       £2500.00│
│  Cash ISA                                                                          +           £355.00        £355.00│
│  Amex credit                                                                       -           £204.00       -£204.00│
│  Nationwide credit                                                                 -            £60.00        -£60.00│
│                                                                                                                      │
└──────────────────────────────────────────────────────────────────────────────────────────────────────────────────────┘
┌Timing Adjustments──────────────────────────────────────────────────────────────────────────────────────Subtotal £0.00┐
│                                                                                         Entered        Effect        │
│  General spending over/under                                                                     £0.00          £0.00│
│  Investment not yet sent                                                                         £0.00          £0.00│
│                                                                                                                      │
└──────────────────────────────────────────────────────────────────────────────────────────────────────────────────────┘
┌Next Month Earmarks───────────────────────────────────────────────────────────────────────────────────Subtotal £524.00┐
│                                                                                                        Amount        │
│  Subscriptions                                                                                                £125.00│
│  General spending                                                                                             £399.00│
│                                                                                                                      │
└──────────────────────────────────────────────────────────────────────────────────────────────────────────────────────┘
┌Savings Pots─────────────────────────────────────────────────────────────────────────────────────────Subtotal £1285.00┐
│                                                                          Carried        Change         Final         │
│› Fun expensive stuff                                                            £820.00        -£25.00        £795.00│
│  Long-term savings                                                              £155.00         £60.00        £215.00│
│  Label                                                                           £25.00        £250.00        £275.00│
│Total                                                                           £1000.00        £285.00       £1285.00│
│                                                                                                                      │
│                                                                                                                      │
│                                                                                                                      │
│                                                                                                                      │
│                                                                                                                      │
└──────────────────────────────────────────────────────────────────────────────────────────────────────────────────────┘
┌Validation────────────────────────────────────────────────────────────────────────────────────────────────────────────┐
│Budget: outside tolerance  |  Difference: £782.00                                                                     │
│Persistence: clean  |  Sync: synced                                                                                   │
└──────────────────────────────────────────────────────────────────────────────────────────────────────────────────────┘
