---
source: budget-app/src/ui/tests.rs
expression: "buffer_to_string(draw_route(route, Some(config), width, height))"
---
┌Navigation─────────────────────────────────────────────────────────────────────────────────────────────┐
│Repo: /tmp/budget                                                                                      │
│Enter open | n new | m rename | d delete | q quit                                                      │
└───────────────────────────────────────────────────────────────────────────────────────────────────────┘
┌───────────────────────────────────────────────────────────────────────────────────────────────────────┐
│                   State      Diff           Updated                                                   │
│August 2026        draft            £1340.00 2026-03-31 | 14:30                                        │
│                                                                                                       │
│                                                                                                       │
│                                                                                                       │
│                                                                                                       │
│                                                                                                       │
│                                                                                                       │
│                                                                                                       │
│                                                                                                       │
│                                                                                                       │
│                                                                                                       │
│                                                                                                       │
│                                                                                                       │
│                                                                                                       │
│                                                                                                       │
│                                                                                                       │
│                                                                                                       │
└───────────────────────────────────────────────────────────────────────────────────────────────────────┘
┌Summary────────────────────────────────────────────────────────────────────────────────────────────────┐
│Accounts £2600.00 | Timing Adjustments £0.00 | Next Month Earmarks £210.00                             │
│Savings Pots £1050.00 | Total allocated £1260.00 | Overall difference £1340.00 | Status invalid        │
│                                                                                                       │
│                                                                                                       │
│                                                                                                       │
│                                                                                                       │
│                                                                                                       │
│                                                                                                       │
│                                                                                                       │
│                                                                                                       │
│                                                                                                       │
│                                                                                                       │
│                                                                                                       │
│                                                                                                       │
│                                                                                                       │
│                                                                                                       │
│                                                                                                       │
│                                                                                                       │
│                                                                                                       │
│                                                                                                       │
│                                                                                                       │
│                                                                                                       │
└───────────────────────────────────────────────────────────────────────────────────────────────────────┘
