---
source: budget-app/src/ui/tests.rs
expression: "buffer_to_string(draw_route(route, Some(config), width, height))"
---
┌Guided Creation───────────────────────────────────────────────────────────────┐
│May 2026  |  Step 13/14                                                       │
│Type amount | Enter save | Esc months | q quit                                │
└──────────────────────────────────────────────────────────────────────────────┘
┌Current Step──────────────────────────────────────────────────────────────────┐
│Subscriptions                                                                 │
│                                                                              │
│Amount                                                                        │
│£120.00                                                                       │
│                                                                              │
│Enter saves this step.                                                        │
│                                                                              │
│Next: General spending                                                        │
│                                                                              │
└──────────────────────────────────────────────────────────────────────────────┘
┌Preview───────────────────────────────────────────────────────────────────────┐
│Accounts £0.00  |  Pots £180.00                                               │
│Earmarks £440.00  |  Diff -£620.00                                            │
│Status invalid                                                                │
│                                                                              │
└──────────────────────────────────────────────────────────────────────────────┘
┌Status────────────────────────────────────────────────────────────────────────┐
│Persistence: clean  |  Sync: synced                                           │
└──────────────────────────────────────────────────────────────────────────────┘
