---
source: budget-app/src/ui/tests.rs
expression: "buffer_to_string(draw_route(route, Some(config), width, height))"
---
┌Monthly Sheet───────────────────────────────────────────────────────────────────────────────────────────────────────────────────────────────────────────────────────────────────────────────────────────────────┐
│April 2026                                                                                                                                                                                                      │
│Enter edit | Tab/Shift-Tab move | Esc months | q quit                                                                                                                                                           │
└────────────────────────────────────────────────────────────────────────────────────────────────────────────────────────────────────────────────────────────────────────────────────────────────────────────────┘
Accounts──────────────────────────────────────────────────────────────────────────────────────Subtotal £2600.00  Savings Pots────────────────────────────────────────────────────────────────────Subtotal £1130.00
                                                                                  Entered        Net                                                                  Carried        Change         Final
  Current account                                                            +          £2500.00       £2500.00  › Travel fund                                               £800.00        -£50.00        £750.00
  Savings account                                                            +           £400.00        £400.00    Home upkeep                                               £200.00         £50.00        £250.00
  Credit card A                                                              -           £200.00       -£200.00    Emergency buffer                                          £100.00         £30.00        £130.00
  Credit card B                                                              -           £100.00       -£100.00  Total                                                      £1100.00         £30.00       £1130.00



Timing Adjustments───────────────────────────────────────────────────────────────────────────────Subtotal £0.00
                                                                                  Entered        Effect
  General spending over/under                                                              £0.00          £0.00
  Investment not yet sent                                                                  £0.00          £0.00



Next Month Earmarks────────────────────────────────────────────────────────────────────────────Subtotal £460.00
                                                                                                 Amount
  Subscriptions                                                                                         £120.00
  General spending                                                                                      £340.00





















Validation────────────────────────────────────────────────────────────────────────────────────────────────────────────────────────────────────────────────────────────────────────────────────────────────────────
Budget: outside tolerance  |  Difference: £1010.00
Persistence: clean  |  Sync: synced
